// Jest Snapshot v1, https://goo.gl/fbAQLP

exports[`renders correctly 1`] = `
<View
  style={
    Object {
      "backgroundColor": "#4fb9ff",
      "flex": 1,
      "flexDirection": "column",
      "paddingTop": 24,
    }
  }
>
  <TextInput
    allowFontScaling={true}
    onSubmitEditing={[Function]}
    placeholder="Enter Gym Name"
    rejectResponderTermination={true}
    style={
      Object {
        "borderColor": "gray",
        "borderWidth": 1,
        "height": 40,
        "paddingLeft": 5,
      }
    }
    underlineColorAndroid="transparent"
  />
  <RCTScrollView
    data={Array []}
    disableVirtualization={false}
    getItem={[Function]}
    getItemCount={[Function]}
    horizontal={false}
    initialNumToRender={10}
    keyExtractor={[Function]}
    maxToRenderPerBatch={10}
    numColumns={1}
    onContentSizeChange={[Function]}
    onEndReachedThreshold={2}
    onLayout={[Function]}
    onMomentumScrollEnd={[Function]}
    onScroll={[Function]}
    onScrollBeginDrag={[Function]}
    onScrollEndDrag={[Function]}
    removeClippedSubviews={false}
    renderItem={[Function]}
    scrollEventThrottle={50}
    stickyHeaderIndices={Array []}
    style={
      Object {
        "flex": 2,
      }
    }
    updateCellsBatchingPeriod={50}
    viewabilityConfigCallbackPairs={Array []}
    windowSize={21}
  >
    <View />
  </RCTScrollView>
</View>
`;
